WARNING: A restricted method in java.lang.System has been called
WARNING: java.lang.System::load has been called by net.rubygrapefruit.platform.internal.NativeLibraryLoader in an unnamed module (file:/Users/kgtny/.gradle/wrapper/dists/gradle-8.14.5-bin/690y85m0j9nfaub7xoiayko8a/gradle-8.14.5/lib/native-platform-0.22-milestone-28.jar)
WARNING: Use --enable-native-access=ALL-UNNAMED to avoid a warning for callers in this module
WARNING: Restricted methods will be blocked in a future release unless native access is enabled

> Task :compileJava UP-TO-DATE
> Task :processResources NO-SOURCE
> Task :classes UP-TO-DATE
> Task :jar UP-TO-DATE
> Task :javadoc UP-TO-DATE
> Task :javadocJar UP-TO-DATE
> Task :sourcesJar UP-TO-DATE
> Task :generateMetadataFileForMavenJavaPublication
> Task :generatePomFileForMavenJavaPublication
> Task :publishMavenJavaPublicationToGithubPackagesRepository FAILED

FAILURE: Build failed with an exception.

* What went wrong:
Execution failed for task ':publishMavenJavaPublicationToGithubPackagesRepository'.
> Failed to publish publication 'mavenJava' to repository 'githubPackages'
   > Could not PUT 'https://maven.pkg.github.com/tunaiyi/gpr-sandbox/io/sandbox/probe/gpr-sandbox/0.0.2/gpr-sandbox-0.0.2.jar'. Received status code 409 from server: Conflict

* Try:
> Run with --stacktrace option to get the stack trace.
> Run with --info or --debug option to get more log output.
> Run with --scan to get full insights.
> Get more help at https://help.gradle.org.

BUILD FAILED in 1s
8 actionable tasks: 3 executed, 5 up-to-date
